
> naminator@0.1.0 test
> vitest


[1m[44m DEV [49m[22m [34mv4.0.18 [39m[90mC:/Users/dillo/OneDrive/Documents/FHU-Spring-2026/DevOps/GitHub/naminator-next[39m

 [32mΓ£ô[39m src/lib/__tests__/anthropic.test.ts [2m([22m[2m21 tests[22m[2m)[22m[32m 12[2mms[22m[39m
 [32mΓ£ô[39m src/app/api/name-combinations/__tests__/route.test.ts [2m([22m[2m29 tests[22m[2m)[22m[32m 40[2mms[22m[39m
 [32mΓ£ô[39m src/components/__tests__/ResultCard.test.tsx [2m([22m[2m31 tests[22m[2m)[22m[32m 129[2mms[22m[39m
 [32mΓ£ô[39m src/lib/__tests__/prisma.test.ts [2m([22m[2m1 test[22m[2m)[22m[33m 1374[2mms[22m[39m
     [33m[2mΓ£ô[22m[39m creates and reads a full NameCombinationSet [33m 887[2mms[22m[39m
 [32mΓ£ô[39m src/components/__tests__/NameForm.test.tsx [2m([22m[2m16 tests[22m[2m)[22m[33m 3816[2mms[22m[39m
       [33m[2mΓ£ô[22m[39m calls fetch with POST method and correct URL [33m 339[2mms[22m[39m
       [33m[2mΓ£ô[22m[39m sends trimmed name values in the request body [33m 508[2mms[22m[39m
       [33m[2mΓ£ô[22m[39m prepends new result to history after successful submission [33m 346[2mms[22m[39m
       [33m[2mΓ£ô[22m[39m clears input fields after successful submission [33m 344[2mms[22m[39m
       [33m[2mΓ£ô[22m[39m shows API error message when fetch returns ok:false [33m 356[2mms[22m[39m
       [33m[2mΓ£ô[22m[39m shows generic error when fetch throws (network failure) [33m 340[2mms[22m[39m
       [33m[2mΓ£ô[22m[39m clears previous error on new successful submission attempt [33m 731[2mms[22m[39m

[2m Test Files [22m [1m[32m5 passed[39m[22m[90m (5)[39m
[2m      Tests [22m [1m[32m98 passed[39m[22m[90m (98)[39m
[2m   Start at [22m 14:46:02
[2m   Duration [22m 5.66s[2m (transform 870ms, setup 1.19s, import 1.63s, tests 5.37s, environment 2.34s)[22m

[1m[42m PASS [49m[22m [32mWaiting for file changes...[39m
       [2mpress [22m[1mh[22m[2m to show help[22m[2m, [22m[2mpress [22m[1mq[22m[2m to quit[22m
